pooled /Users/jlamping/Documents/Reenvisioned_LANDIS_Fire/EMBER/calibration/runs/pass3_s3333: 40 years, 5 fires
pooled /Users/jlamping/Documents/Reenvisioned_LANDIS_Fire/EMBER/calibration/runs/pass3_s4444: 40 years, 6 fires
pooled /Users/jlamping/Documents/Reenvisioned_LANDIS_Fire/EMBER/calibration/runs/pass3_s5555: 40 years, 7 fires
pooled /Users/jlamping/Documents/Reenvisioned_LANDIS_Fire/EMBER/calibration/runs/pass3_s6666: 40 years, 10 fires
wrote /Users/jlamping/Documents/Reenvisioned_LANDIS_Fire/EMBER/calibration/runs/pass3_pooled with 160 years
Warning message:
package 'ggplot2' was built under R version 4.4.3 

== pass3_pooled vs SCF ==
                   statistic       scf     ember   ratio
                      <char>     <num>     <num>   <num>
 1:                    years 8.000e+01 1.600e+02  2.0000
 2:             active_cells 9.346e+03 9.346e+03  1.0000
 3:      cells_per_year_mean 7.821e+01 5.188e+00  0.0663
 4:    cells_per_year_median 0.000e+00 0.000e+00     NaN
 5:       cells_per_year_p90 5.980e+01 1.000e+00  0.0167
 6:       cells_per_year_max 1.328e+03 2.930e+02  0.2210
 7: fraction_years_with_fire 3.875e-01 1.688e-01  0.4350
 8:   annual_fraction_burned 8.369e-03 5.551e-04  0.0663
 9:           rotation_years 1.195e+02 1.802e+03 15.1000
10:           fires_per_year 4.875e-01 1.750e-01  0.3590
11:         fire_size_median 1.200e+01 1.000e+00  0.0833
12:            fire_size_p90 6.214e+02 1.159e+02  0.1870
13:            fire_size_max 1.283e+03 2.930e+02  0.2280
14:      fraction_fires_gt10 5.128e-01 2.500e-01  0.4870
15:     fraction_fires_gt100 1.795e-01 1.429e-01  0.7960

== pass3_pooled vs observed record (FPA-FOD / MTBS; counts scaled by area share 0.019 ) ==
                           statistic  observed     ember    ratio
                              <char>     <num>     <num>    <num>
 1:                   fires_per_year 6.655e-01 1.750e-01 2.63e-01
 2:         lightning_fires_per_year 2.459e-01 5.000e-02 2.03e-01
 3:                 fire_size_median 1.000e+00 1.000e+00 1.00e+00
 4:                    fire_size_p90 1.000e+00 1.159e+02 1.16e+02
 5:              fraction_fires_gt10 2.956e-02 2.500e-01 8.46e+00
 6:             fraction_fires_gt100 1.675e-02 1.429e-01 8.53e+00
 7:       annual_fraction_burned_fpa 2.554e-03 5.551e-04 2.17e-01
 8:      annual_fraction_burned_mtbs 3.640e-03 5.551e-04 1.53e-01
 9:              ignition_doy_median 2.210e+02 2.380e+02 1.08e+00
10:                 ignition_doy_p10 1.760e+02 1.784e+02 1.01e+00
11:                 ignition_doy_p90 2.650e+02 2.690e+02 1.02e+00
12: fraction_area_high_severity_mtbs 4.188e-01 1.349e-03 3.22e-03

== behavior diagnostics ==
                       statistic     value
                          <char>     <num>
 1:   ignition_attempts_per_year 6.000e-01
 2:            fires_per_attempt 2.917e-01
 3:           days_active_median 1.000e+00
 4:              days_active_p90 6.800e+00
 5:              days_active_max 1.100e+01
 6:        mean_ros_median_m_min 8.850e-01
 7:            max_ros_p90_m_min 5.346e+00
 8:   mean_intensity_median_kW_m 9.100e+01
 9:       max_intensity_p90_kW_m 8.057e+02
10: fraction_cells_passive_crown 4.713e-02
11:  fraction_cells_active_crown 1.349e-03
12:        canopy_mortality_mean 7.210e-02
13:    cells_per_fire_day_median 9.500e+00
14:       cells_per_fire_day_p90 3.300e+01
15:            burn_hours_median 7.650e+00
16:          ignition_fwi_median 1.770e+01
17:                  end_weather 2.500e-01
18:             end_fuel_limited 0.000e+00
19:               end_season_end 0.000e+00

wrote /Users/jlamping/Documents/Reenvisioned_LANDIS_Fire/EMBER/calibration/runs/pass3_pooled 
