pooled /Users/jlamping/Documents/Reenvisioned_LANDIS_Fire/EMBER/calibration/runs/pass5_s3333: 40 years, 27 fires
pooled /Users/jlamping/Documents/Reenvisioned_LANDIS_Fire/EMBER/calibration/runs/pass5_s4444: 40 years, 30 fires
pooled /Users/jlamping/Documents/Reenvisioned_LANDIS_Fire/EMBER/calibration/runs/pass5_s5555: 40 years, 31 fires
pooled /Users/jlamping/Documents/Reenvisioned_LANDIS_Fire/EMBER/calibration/runs/pass5_s6666: 40 years, 27 fires
wrote /Users/jlamping/Documents/Reenvisioned_LANDIS_Fire/EMBER/calibration/runs/pass5_pooled with 160 years
Warning message:
package 'ggplot2' was built under R version 4.4.3 

== pass5_pooled vs SCF ==
                   statistic       scf     ember  ratio
                      <char>     <num>     <num>  <num>
 1:                    years 8.000e+01 1.600e+02 2.0000
 2:             active_cells 9.346e+03 9.346e+03 1.0000
 3:      cells_per_year_mean 7.821e+01 9.663e+01 1.2400
 4:    cells_per_year_median 0.000e+00 1.000e+00    Inf
 5:       cells_per_year_p90 5.980e+01 8.860e+01 1.4800
 6:       cells_per_year_max 1.328e+03 3.732e+03 2.8100
 7: fraction_years_with_fire 3.875e-01 5.062e-01 1.3100
 8:   annual_fraction_burned 8.369e-03 1.034e-02 1.2400
 9:           rotation_years 1.195e+02 9.672e+01 0.8090
10:           fires_per_year 4.875e-01 7.188e-01 1.4700
11:         fire_size_median 1.200e+01 1.000e+00 0.0833
12:            fire_size_p90 6.214e+02 2.102e+02 0.3380
13:            fire_size_max 1.283e+03 3.729e+03 2.9100
14:      fraction_fires_gt10 5.128e-01 2.609e-01 0.5090
15:     fraction_fires_gt100 1.795e-01 1.478e-01 0.8240

== pass5_pooled vs observed record (FPA-FOD / MTBS; counts scaled by area share 0.019 ) ==
                           statistic  observed     ember  ratio
                              <char>     <num>     <num>  <num>
 1:                   fires_per_year 6.655e-01   0.71880   1.08
 2:         lightning_fires_per_year 2.459e-01   0.35620   1.45
 3:                 fire_size_median 1.000e+00   1.00000   1.00
 4:                    fire_size_p90 1.000e+00 210.20000 210.00
 5:              fraction_fires_gt10 2.956e-02   0.26090   8.83
 6:             fraction_fires_gt100 1.675e-02   0.14780   8.83
 7:       annual_fraction_burned_fpa 2.554e-03   0.01034   4.05
 8:      annual_fraction_burned_mtbs 3.640e-03   0.01034   2.84
 9:              ignition_doy_median 2.210e+02 230.00000   1.04
10:                 ignition_doy_p10 1.760e+02 180.80000   1.03
11:                 ignition_doy_p90 2.650e+02 280.60000   1.06
12: fraction_area_high_severity_mtbs 4.188e-01   0.44850   1.07

== behavior diagnostics ==
                       statistic     value
                          <char>     <num>
 1:   ignition_attempts_per_year 7.250e-01
 2:            fires_per_attempt 9.914e-01
 3:           days_active_median 1.000e+00
 4:              days_active_p90 3.000e+00
 5:              days_active_max 1.700e+01
 6:        mean_ros_median_m_min 7.400e-01
 7:            max_ros_p90_m_min 1.690e+01
 8:   mean_intensity_median_kW_m 4.590e+02
 9:       max_intensity_p90_kW_m 2.680e+04
10: fraction_cells_passive_crown 8.496e-01
11:  fraction_cells_active_crown 4.094e-02
12:        canopy_mortality_mean 4.990e-01
13:    cells_per_fire_day_median 7.000e+00
14:       cells_per_fire_day_p90 2.636e+02
15:            burn_hours_median 5.600e+00
16:          ignition_fwi_median 1.450e+01
17:                  end_weather 6.087e-02
18:             end_fuel_limited 0.000e+00
19:               end_season_end 0.000e+00

wrote /Users/jlamping/Documents/Reenvisioned_LANDIS_Fire/EMBER/calibration/runs/pass5_pooled 
