pooled /Users/jlamping/Documents/Reenvisioned_LANDIS_Fire/EMBER/calibration/runs/pass4_s3333: 40 years, 24 fires
pooled /Users/jlamping/Documents/Reenvisioned_LANDIS_Fire/EMBER/calibration/runs/pass4_s4444: 40 years, 28 fires
pooled /Users/jlamping/Documents/Reenvisioned_LANDIS_Fire/EMBER/calibration/runs/pass4_s5555: 40 years, 19 fires
pooled /Users/jlamping/Documents/Reenvisioned_LANDIS_Fire/EMBER/calibration/runs/pass4_s6666: 40 years, 15 fires
wrote /Users/jlamping/Documents/Reenvisioned_LANDIS_Fire/EMBER/calibration/runs/pass4_pooled with 160 years
Warning message:
package 'ggplot2' was built under R version 4.4.3 

== pass4_pooled vs SCF ==
                   statistic       scf     ember  ratio
                      <char>     <num>     <num>  <num>
 1:                    years 8.000e+01 1.600e+02 2.0000
 2:             active_cells 9.346e+03 9.346e+03 1.0000
 3:      cells_per_year_mean 7.821e+01 1.544e+02 1.9700
 4:    cells_per_year_median 0.000e+00 0.000e+00    NaN
 5:       cells_per_year_p90 5.980e+01 2.000e+00 0.0334
 6:       cells_per_year_max 1.328e+03 7.173e+03 5.4000
 7: fraction_years_with_fire 3.875e-01 4.125e-01 1.0600
 8:   annual_fraction_burned 8.369e-03 1.652e-02 1.9700
 9:           rotation_years 1.195e+02 6.054e+01 0.5070
10:           fires_per_year 4.875e-01 5.375e-01 1.1000
11:         fire_size_median 1.200e+01 1.000e+00 0.0833
12:            fire_size_p90 6.214e+02 2.465e+02 0.3970
13:            fire_size_max 1.283e+03 6.102e+03 4.7600
14:      fraction_fires_gt10 5.128e-01 1.628e-01 0.3170
15:     fraction_fires_gt100 1.795e-01 1.512e-01 0.8420

== pass4_pooled vs observed record (FPA-FOD / MTBS; counts scaled by area share 0.019 ) ==
                           statistic  observed     ember   ratio
                              <char>     <num>     <num>   <num>
 1:                   fires_per_year 6.655e-01   0.53750   0.808
 2:         lightning_fires_per_year 2.459e-01   0.06250   0.254
 3:                 fire_size_median 1.000e+00   1.00000   1.000
 4:                    fire_size_p90 1.000e+00 246.50000 246.000
 5:              fraction_fires_gt10 2.956e-02   0.16280   5.510
 6:             fraction_fires_gt100 1.675e-02   0.15120   9.030
 7:       annual_fraction_burned_fpa 2.554e-03   0.01652   6.470
 8:      annual_fraction_burned_mtbs 3.640e-03   0.01652   4.540
 9:              ignition_doy_median 2.210e+02 224.00000   1.010
10:                 ignition_doy_p10 1.760e+02  56.50000   0.321
11:                 ignition_doy_p90 2.650e+02 287.00000   1.080
12: fraction_area_high_severity_mtbs 4.188e-01   0.35950   0.858

== behavior diagnostics ==
                       statistic     value
                          <char>     <num>
 1:   ignition_attempts_per_year 5.500e-01
 2:            fires_per_attempt 9.773e-01
 3:           days_active_median 1.000e+00
 4:              days_active_p90 9.000e+00
 5:              days_active_max 2.600e+01
 6:        mean_ros_median_m_min 0.000e+00
 7:            max_ros_p90_m_min 1.856e+01
 8:   mean_intensity_median_kW_m 0.000e+00
 9:       max_intensity_p90_kW_m 3.323e+04
10: fraction_cells_passive_crown 7.306e-01
11:  fraction_cells_active_crown 2.874e-02
12:        canopy_mortality_mean 4.084e-01
13:    cells_per_fire_day_median 1.900e+01
14:       cells_per_fire_day_p90 3.302e+02
15:            burn_hours_median 6.400e+00
16:          ignition_fwi_median 6.050e+00
17:                  end_weather 2.442e-01
18:             end_fuel_limited 0.000e+00
19:               end_season_end 0.000e+00

wrote /Users/jlamping/Documents/Reenvisioned_LANDIS_Fire/EMBER/calibration/runs/pass4_pooled 
