== pass3_s5555: 40 years, seed 5555, overrides:
>> Pass 3 (2026-09-09): pass 2a behavior with moderate initial attack. logit P(IA) = 1.5
>> - 0.5 ln(area ha) - 0.0005 Imax - 0.1 concurrent  -> ~0.80 for a one-cell 300 kW/m fire,
>> ~0.35 at 4 000 kW/m. Containment on later days ~0.5 for a small, slow fire.
>> Run as 4 seeds x 40 years and scored pooled (run_replicates.sh).
UseIgnitionSustain          no
IgnitionRequiresBurnPeriod  no
WindAdjustmentSheltered     0.20
WindGustFactor              1.0
BurnPeriodMinHours          1
BurnPeriodMaxHours          16
BurnPeriodFWILow            12
BurnPeriodFWIHigh           40
RainoutPrecipitation        0.2
ExtinctionIntensity         25
FoliarMoistureDroughtEffect 0.35
fuelbed: ShortNeedle PackingRatio 0.025
fuelbed: LongNeedle PackingRatio 0.030
fuelbed: Broadleaf PackingRatio 0.018
UseSuppression              yes
InitialAttackB0             1.5
InitialAttackB1             -0.5
InitialAttackB2             -0.0005
InitialAttackB3             0.0
InitialAttackB4             -0.1
ContainmentB0               0.0
ContainmentB1               -0.4
ContainmentB2               -0.1
ContainmentB3               0.0
ContainmentB4               -0.1
ContainmentB5               -0.05
MaxSuppressedFires          10
FuelMapFrequency            10
   EMBER year 38: 1 fires, 13 cells burned (10.5 ha), largest 10.5 ha, mean FWI 6.2.
   EMBER year 39: 1 fires, 1 cells burned (0.8 ha), largest 0.8 ha, mean FWI 1.9.
   EMBER year 40: 0 fires, 0 cells burned (0.0 ha), largest 0.0 ha, mean FWI 4.1.
Warning message:
package 'ggplot2' was built under R version 4.4.3 

== pass3_s5555 vs SCF ==
                   statistic       scf     ember    ratio
                      <char>     <num>     <num>    <num>
 1:                    years 8.000e+01 4.000e+01 5.00e-01
 2:             active_cells 9.346e+03 9.346e+03 1.00e+00
 3:      cells_per_year_mean 7.821e+01 6.250e-01 7.99e-03
 4:    cells_per_year_median 0.000e+00 0.000e+00      NaN
 5:       cells_per_year_p90 5.980e+01 1.000e+00 1.67e-02
 6:       cells_per_year_max 1.328e+03 1.300e+01 9.79e-03
 7: fraction_years_with_fire 3.875e-01 1.750e-01 4.52e-01
 8:   annual_fraction_burned 8.369e-03 6.687e-05 7.99e-03
 9:           rotation_years 1.195e+02 1.495e+04 1.25e+02
10:           fires_per_year 4.875e-01 1.750e-01 3.59e-01
11:         fire_size_median 1.200e+01 1.000e+00 8.33e-02
12:            fire_size_p90 6.214e+02 9.400e+00 1.51e-02
13:            fire_size_max 1.283e+03 1.300e+01 1.01e-02
14:      fraction_fires_gt10 5.128e-01 1.429e-01 2.79e-01
15:     fraction_fires_gt100 1.795e-01 0.000e+00 0.00e+00

== pass3_s5555 vs observed record (FPA-FOD / MTBS; counts scaled by area share 0.019 ) ==
                           statistic  observed     ember  ratio
                              <char>     <num>     <num>  <num>
 1:                   fires_per_year 6.655e-01 1.750e-01 0.2630
 2:         lightning_fires_per_year 2.459e-01 2.500e-02 0.1020
 3:                 fire_size_median 1.000e+00 1.000e+00 1.0000
 4:                    fire_size_p90 1.000e+00 9.400e+00 9.4000
 5:              fraction_fires_gt10 2.956e-02 1.429e-01 4.8300
 6:             fraction_fires_gt100 1.675e-02 0.000e+00 0.0000
 7:       annual_fraction_burned_fpa 2.554e-03 6.687e-05 0.0262
 8:      annual_fraction_burned_mtbs 3.640e-03 6.687e-05 0.0184
 9:              ignition_doy_median 2.210e+02 2.370e+02 1.0700
10:                 ignition_doy_p10 1.760e+02 1.566e+02 0.8900
11:                 ignition_doy_p90 2.650e+02 2.528e+02 0.9540
12: fraction_area_high_severity_mtbs 4.188e-01 0.000e+00 0.0000

== behavior diagnostics ==
                       statistic    value
                          <char>    <num>
 1:   ignition_attempts_per_year   0.6250
 2:            fires_per_attempt   0.2800
 3:           days_active_median   1.0000
 4:              days_active_p90   2.0000
 5:              days_active_max   2.0000
 6:        mean_ros_median_m_min   1.0000
 7:            max_ros_p90_m_min   2.8460
 8:   mean_intensity_median_kW_m 117.0000
 9:       max_intensity_p90_kW_m 391.8000
10: fraction_cells_passive_crown   0.0808
11:  fraction_cells_active_crown   0.0000
12:        canopy_mortality_mean   0.0764
13:    cells_per_fire_day_median   1.0000
14:       cells_per_fire_day_p90   5.0000
15:            burn_hours_median   5.0000
16:          ignition_fwi_median  14.9000
17:                  end_weather   0.0000
18:             end_fuel_limited   0.0000
19:               end_season_end   0.0000

wrote /Users/jlamping/Documents/Reenvisioned_LANDIS_Fire/EMBER/calibration/runs/pass3_s5555 
