== pass2b: 40 years, seed 3333, overrides:
>> Pass 2b (2026-09-08): pass 2a plus initial attack / containment, to compare with the observed
>> (suppressed) record. Zone map absent -> every cell is zone 1; the zone terms are zero so the
>> coefficients act as intercepts. Initial attack: logit P = 3.0 - 0.5 ln(area ha) - 0.0005 Imax
>> - 0.1 concurrent fires  (P ~ 0.93 for a 1-cell, 300 kW/m fire; ~0.5 at 4 000 kW/m).
UseIgnitionSustain          no
IgnitionRequiresBurnPeriod  no
WindAdjustmentSheltered     0.20
WindGustFactor              1.0
BurnPeriodMinHours          1
BurnPeriodMaxHours          16
BurnPeriodFWILow            12
BurnPeriodFWIHigh           40
RainoutPrecipitation        0.2
ExtinctionIntensity         25
FoliarMoistureDroughtEffect 0.35
fuelbed: ShortNeedle PackingRatio 0.025
fuelbed: LongNeedle PackingRatio 0.030
fuelbed: Broadleaf PackingRatio 0.018
UseSuppression              yes
InitialAttackB0             3.0
InitialAttackB1             -0.5
InitialAttackB2             -0.0005
InitialAttackB3             0.0
InitialAttackB4             -0.1
ContainmentB0               0.5
ContainmentB1               -0.4
ContainmentB2               -0.1
ContainmentB3               0.0
ContainmentB4               -0.1
ContainmentB5               -0.05
MaxSuppressedFires          10
FuelMapFrequency            10
   EMBER year 38: 1 fires, 3 cells burned (2.4 ha), largest 2.4 ha, mean FWI 4.1.
   EMBER year 39: 0 fires, 0 cells burned (0.0 ha), largest 0.0 ha, mean FWI 2.0.
   EMBER year 40: 0 fires, 0 cells burned (0.0 ha), largest 0.0 ha, mean FWI 2.4.
Warning message:
package 'ggplot2' was built under R version 4.4.3 

== pass2b vs SCF ==
                   statistic       scf     ember   ratio
                      <char>     <num>     <num>   <num>
 1:                    years 8.000e+01 4.000e+01  0.5000
 2:             active_cells 9.346e+03 9.346e+03  1.0000
 3:      cells_per_year_mean 7.821e+01 3.000e+00  0.0384
 4:    cells_per_year_median 0.000e+00 0.000e+00     NaN
 5:       cells_per_year_p90 5.980e+01 1.000e+00  0.0167
 6:       cells_per_year_max 1.328e+03 1.120e+02  0.0843
 7: fraction_years_with_fire 3.875e-01 1.250e-01  0.3230
 8:   annual_fraction_burned 8.369e-03 3.210e-04  0.0384
 9:           rotation_years 1.195e+02 3.115e+03 26.1000
10:           fires_per_year 4.875e-01 1.250e-01  0.2560
11:         fire_size_median 1.200e+01 3.000e+00  0.2500
12:            fire_size_p90 6.214e+02 6.840e+01  0.1100
13:            fire_size_max 1.283e+03 1.120e+02  0.0873
14:      fraction_fires_gt10 5.128e-01 2.000e-01  0.3900
15:     fraction_fires_gt100 1.795e-01 2.000e-01  1.1100

== pass2b vs observed record (FPA-FOD / MTBS; counts scaled by area share 0.019 ) ==
                           statistic  observed     ember   ratio
                              <char>     <num>     <num>   <num>
 1:                   fires_per_year 6.655e-01 1.250e-01  0.1880
 2:         lightning_fires_per_year 2.459e-01 7.500e-02  0.3050
 3:                 fire_size_median 1.000e+00 3.000e+00  3.0000
 4:                    fire_size_p90 1.000e+00 6.840e+01 68.4000
 5:              fraction_fires_gt10 2.956e-02 2.000e-01  6.7700
 6:             fraction_fires_gt100 1.675e-02 2.000e-01 11.9000
 7:       annual_fraction_burned_fpa 2.554e-03 3.210e-04  0.1260
 8:      annual_fraction_burned_mtbs 3.640e-03 3.210e-04  0.0882
 9:              ignition_doy_median 2.210e+02 2.420e+02  1.1000
10:                 ignition_doy_p10 1.760e+02 1.674e+02  0.9510
11:                 ignition_doy_p90 2.650e+02 2.734e+02  1.0300
12: fraction_area_high_severity_mtbs 4.188e-01 9.333e-03  0.0223

== behavior diagnostics ==
                       statistic     value
                          <char>     <num>
 1:   ignition_attempts_per_year 5.000e-01
 2:            fires_per_attempt 2.500e-01
 3:           days_active_median 1.000e+00
 4:              days_active_p90 3.800e+00
 5:              days_active_max 5.000e+00
 6:        mean_ros_median_m_min 9.100e-01
 7:            max_ros_p90_m_min 9.508e+00
 8:   mean_intensity_median_kW_m 7.000e+01
 9:       max_intensity_p90_kW_m 1.079e+04
10: fraction_cells_passive_crown 0.000e+00
11:  fraction_cells_active_crown 9.333e-03
12:        canopy_mortality_mean 9.067e-02
13:    cells_per_fire_day_median 3.000e+00
14:       cells_per_fire_day_p90 4.700e+01
15:            burn_hours_median 4.700e+00
16:          ignition_fwi_median 1.860e+01
17:                  end_weather 4.000e-01
18:             end_fuel_limited 0.000e+00
19:               end_season_end 0.000e+00

wrote /Users/jlamping/Documents/Reenvisioned_LANDIS_Fire/EMBER/calibration/runs/pass2b 
exit=0
