== pass4_s5555: 40 years, seed 5555, overrides:
>> Pass 4 (2026-09-09): pass 3 parameters plus the three structural changes made after the
>> pass-2 diagnosis (see README): IgnitionAlwaysBurns (every attempt is a recorded fire),
>> CrownInitiation Cruz2004, CoarseFuelFlamingFraction 0.3. Same seeds as pass 3.
UseIgnitionSustain          no
IgnitionRequiresBurnPeriod  no
IgnitionAlwaysBurns         yes
WindAdjustmentSheltered     0.20
WindGustFactor              1.0
BurnPeriodMinHours          1
BurnPeriodMaxHours          16
BurnPeriodFWILow            12
BurnPeriodFWIHigh           40
RainoutPrecipitation        0.2
ExtinctionIntensity         25
FoliarMoistureDroughtEffect 0.35
CrownInitiation             Cruz2004
CoarseFuelFlamingFraction   0.3
fuelbed: ShortNeedle PackingRatio 0.025
fuelbed: LongNeedle PackingRatio 0.030
fuelbed: Broadleaf PackingRatio 0.018
UseSuppression              yes
InitialAttackB0             1.5
InitialAttackB1             -0.5
InitialAttackB2             -0.0005
InitialAttackB3             0.0
InitialAttackB4             -0.1
ContainmentB0               0.0
ContainmentB1               -0.4
ContainmentB2               -0.1
ContainmentB3               0.0
ContainmentB4               -0.1
ContainmentB5               -0.05
MaxSuppressedFires          10
FuelMapFrequency            10
   EMBER year 38: 1 fires, 1 cells burned (0.8 ha), largest 0.8 ha, mean FWI 6.2.
   EMBER year 39: 0 fires, 0 cells burned (0.0 ha), largest 0.0 ha, mean FWI 1.9.
   EMBER year 40: 1 fires, 1 cells burned (0.8 ha), largest 0.8 ha, mean FWI 4.1.
Warning message:
package 'ggplot2' was built under R version 4.4.3 

== pass4_s5555 vs SCF ==
                   statistic       scf     ember  ratio
                      <char>     <num>     <num>  <num>
 1:                    years 8.000e+01 4.000e+01 0.5000
 2:             active_cells 9.346e+03 9.346e+03 1.0000
 3:      cells_per_year_mean 7.821e+01 2.244e+02 2.8700
 4:    cells_per_year_median 0.000e+00 0.000e+00    NaN
 5:       cells_per_year_p90 5.980e+01 1.000e+00 0.0167
 6:       cells_per_year_max 1.328e+03 6.238e+03 4.7000
 7: fraction_years_with_fire 3.875e-01 4.000e-01 1.0300
 8:   annual_fraction_burned 8.369e-03 2.402e-02 2.8700
 9:           rotation_years 1.195e+02 4.164e+01 0.3480
10:           fires_per_year 4.875e-01 4.750e-01 0.9740
11:         fire_size_median 1.200e+01 1.000e+00 0.0833
12:            fire_size_p90 6.214e+02 1.283e+03 2.0600
13:            fire_size_max 1.283e+03 5.315e+03 4.1400
14:      fraction_fires_gt10 5.128e-01 1.579e-01 0.3080
15:     fraction_fires_gt100 1.795e-01 1.579e-01 0.8800

== pass4_s5555 vs observed record (FPA-FOD / MTBS; counts scaled by area share 0.019 ) ==
                           statistic  observed     ember    ratio
                              <char>     <num>     <num>    <num>
 1:                   fires_per_year 6.655e-01 4.750e-01    0.714
 2:         lightning_fires_per_year 2.459e-01 7.500e-02    0.305
 3:                 fire_size_median 1.000e+00 1.000e+00    1.000
 4:                    fire_size_p90 1.000e+00 1.283e+03 1280.000
 5:              fraction_fires_gt10 2.956e-02 1.579e-01    5.340
 6:             fraction_fires_gt100 1.675e-02 1.579e-01    9.430
 7:       annual_fraction_burned_fpa 2.554e-03 2.402e-02    9.400
 8:      annual_fraction_burned_mtbs 3.640e-03 2.402e-02    6.600
 9:              ignition_doy_median 2.210e+02 1.950e+02    0.882
10:                 ignition_doy_p10 1.760e+02 3.340e+01    0.190
11:                 ignition_doy_p90 2.650e+02 2.786e+02    1.050
12: fraction_area_high_severity_mtbs 4.188e-01 3.794e-01    0.906

== behavior diagnostics ==
                       statistic     value
                          <char>     <num>
 1:   ignition_attempts_per_year 5.000e-01
 2:            fires_per_attempt 9.500e-01
 3:           days_active_median 1.000e+00
 4:              days_active_p90 1.200e+01
 5:              days_active_max 2.600e+01
 6:        mean_ros_median_m_min 0.000e+00
 7:            max_ros_p90_m_min 3.562e+01
 8:   mean_intensity_median_kW_m 0.000e+00
 9:       max_intensity_p90_kW_m 4.991e+04
10: fraction_cells_passive_crown 7.828e-01
11:  fraction_cells_active_crown 1.898e-02
12:        canopy_mortality_mean 4.145e-01
13:    cells_per_fire_day_median 5.000e+01
14:       cells_per_fire_day_p90 4.697e+02
15:            burn_hours_median 7.300e+00
16:          ignition_fwi_median 1.300e+00
17:                  end_weather 1.579e-01
18:             end_fuel_limited 0.000e+00
19:               end_season_end 0.000e+00

wrote /Users/jlamping/Documents/Reenvisioned_LANDIS_Fire/EMBER/calibration/runs/pass4_s5555 
