== pass4_s6666: 40 years, seed 6666, overrides:
>> Pass 4 (2026-09-09): pass 3 parameters plus the three structural changes made after the
>> pass-2 diagnosis (see README): IgnitionAlwaysBurns (every attempt is a recorded fire),
>> CrownInitiation Cruz2004, CoarseFuelFlamingFraction 0.3. Same seeds as pass 3.
UseIgnitionSustain          no
IgnitionRequiresBurnPeriod  no
IgnitionAlwaysBurns         yes
WindAdjustmentSheltered     0.20
WindGustFactor              1.0
BurnPeriodMinHours          1
BurnPeriodMaxHours          16
BurnPeriodFWILow            12
BurnPeriodFWIHigh           40
RainoutPrecipitation        0.2
ExtinctionIntensity         25
FoliarMoistureDroughtEffect 0.35
CrownInitiation             Cruz2004
CoarseFuelFlamingFraction   0.3
fuelbed: ShortNeedle PackingRatio 0.025
fuelbed: LongNeedle PackingRatio 0.030
fuelbed: Broadleaf PackingRatio 0.018
UseSuppression              yes
InitialAttackB0             1.5
InitialAttackB1             -0.5
InitialAttackB2             -0.0005
InitialAttackB3             0.0
InitialAttackB4             -0.1
ContainmentB0               0.0
ContainmentB1               -0.4
ContainmentB2               -0.1
ContainmentB3               0.0
ContainmentB4               -0.1
ContainmentB5               -0.05
MaxSuppressedFires          10
FuelMapFrequency            10
   EMBER year 38: 2 fires, 2 cells burned (1.6 ha), largest 0.8 ha, mean FWI 4.9.
   EMBER year 39: 0 fires, 0 cells burned (0.0 ha), largest 0.0 ha, mean FWI 3.6.
   EMBER year 40: 0 fires, 0 cells burned (0.0 ha), largest 0.0 ha, mean FWI 2.4.
Warning message:
package 'ggplot2' was built under R version 4.4.3 

== pass4_s6666 vs SCF ==
                   statistic       scf     ember  ratio
                      <char>     <num>     <num>  <num>
 1:                    years 8.000e+01 4.000e+01 0.5000
 2:             active_cells 9.346e+03 9.346e+03 1.0000
 3:      cells_per_year_mean 7.821e+01 9.000e+00 0.1150
 4:    cells_per_year_median 0.000e+00 0.000e+00    NaN
 5:       cells_per_year_p90 5.980e+01 2.000e+00 0.0334
 6:       cells_per_year_max 1.328e+03 2.150e+02 0.1620
 7: fraction_years_with_fire 3.875e-01 2.500e-01 0.6450
 8:   annual_fraction_burned 8.369e-03 9.630e-04 0.1150
 9:           rotation_years 1.195e+02 1.038e+03 8.6900
10:           fires_per_year 4.875e-01 3.750e-01 0.7690
11:         fire_size_median 1.200e+01 1.000e+00 0.0833
12:            fire_size_p90 6.214e+02 7.940e+01 0.1280
13:            fire_size_max 1.283e+03 2.150e+02 0.1680
14:      fraction_fires_gt10 5.128e-01 1.333e-01 0.2600
15:     fraction_fires_gt100 1.795e-01 1.333e-01 0.7430

== pass4_s6666 vs observed record (FPA-FOD / MTBS; counts scaled by area share 0.019 ) ==
                           statistic  observed     ember  ratio
                              <char>     <num>     <num>  <num>
 1:                   fires_per_year 6.655e-01 3.750e-01  0.564
 2:         lightning_fires_per_year 2.459e-01 5.000e-02  0.203
 3:                 fire_size_median 1.000e+00 1.000e+00  1.000
 4:                    fire_size_p90 1.000e+00 7.940e+01 79.400
 5:              fraction_fires_gt10 2.956e-02 1.333e-01  4.510
 6:             fraction_fires_gt100 1.675e-02 1.333e-01  7.960
 7:       annual_fraction_burned_fpa 2.554e-03 9.630e-04  0.377
 8:      annual_fraction_burned_mtbs 3.640e-03 9.630e-04  0.265
 9:              ignition_doy_median 2.210e+02 2.340e+02  1.060
10:                 ignition_doy_p10 1.760e+02 7.860e+01  0.447
11:                 ignition_doy_p90 2.650e+02 2.904e+02  1.100
12: fraction_area_high_severity_mtbs 4.188e-01 4.990e-01  1.190

== behavior diagnostics ==
                       statistic     value
                          <char>     <num>
 1:   ignition_attempts_per_year 4.000e-01
 2:            fires_per_attempt 9.375e-01
 3:           days_active_median 1.000e+00
 4:              days_active_p90 3.000e+00
 5:              days_active_max 6.000e+00
 6:        mean_ros_median_m_min 0.000e+00
 7:            max_ros_p90_m_min 6.092e+00
 8:   mean_intensity_median_kW_m 0.000e+00
 9:       max_intensity_p90_kW_m 6.300e+03
10: fraction_cells_passive_crown 8.627e-01
11:  fraction_cells_active_crown 2.911e-02
12:        canopy_mortality_mean 5.343e-01
13:    cells_per_fire_day_median 1.000e+00
14:       cells_per_fire_day_p90 6.360e+01
15:            burn_hours_median 6.000e-01
16:          ignition_fwi_median 8.000e+00
17:                  end_weather 2.667e-01
18:             end_fuel_limited 0.000e+00
19:               end_season_end 0.000e+00

wrote /Users/jlamping/Documents/Reenvisioned_LANDIS_Fire/EMBER/calibration/runs/pass4_s6666 
