== smoke4: 3 years, seed 777, overrides:
>> Pass 4 (2026-09-09): pass 3 parameters plus the three structural changes made after the
>> pass-2 diagnosis (see README): IgnitionAlwaysBurns (every attempt is a recorded fire),
>> CrownInitiation Cruz2004, CoarseFuelFlamingFraction 0.3. Same seeds as pass 3.
UseIgnitionSustain          no
IgnitionRequiresBurnPeriod  no
IgnitionAlwaysBurns         yes
WindAdjustmentSheltered     0.20
WindGustFactor              1.0
BurnPeriodMinHours          1
BurnPeriodMaxHours          16
BurnPeriodFWILow            12
BurnPeriodFWIHigh           40
RainoutPrecipitation        0.2
ExtinctionIntensity         25
FoliarMoistureDroughtEffect 0.35
CrownInitiation             Cruz2004
CoarseFuelFlamingFraction   0.3
fuelbed: ShortNeedle PackingRatio 0.025
fuelbed: LongNeedle PackingRatio 0.030
fuelbed: Broadleaf PackingRatio 0.018
UseSuppression              yes
InitialAttackB0             1.5
InitialAttackB1             -0.5
InitialAttackB2             -0.0005
InitialAttackB3             0.0
InitialAttackB4             -0.1
ContainmentB0               0.0
ContainmentB1               -0.4
ContainmentB2               -0.1
ContainmentB3               0.0
ContainmentB4               -0.1
ContainmentB5               -0.05
MaxSuppressedFires          10
FuelMapFrequency            10
   EMBER year 1: 0 fires, 0 cells burned (0.0 ha), largest 0.0 ha, mean FWI 2.4.
   EMBER year 2: 0 fires, 0 cells burned (0.0 ha), largest 0.0 ha, mean FWI 1.7.
   EMBER year 3: 1 fires, 773 cells burned (626.1 ha), largest 626.1 ha, mean FWI 2.4.
Warning message:
package 'ggplot2' was built under R version 4.4.3 

== smoke4 vs SCF ==
                   statistic       scf     ember   ratio
                      <char>     <num>     <num>   <num>
 1:                    years 8.000e+01 3.000e+00  0.0375
 2:             active_cells 9.346e+03 9.346e+03  1.0000
 3:      cells_per_year_mean 7.821e+01 2.577e+02  3.2900
 4:    cells_per_year_median 0.000e+00 0.000e+00     NaN
 5:       cells_per_year_p90 5.980e+01 6.184e+02 10.3000
 6:       cells_per_year_max 1.328e+03 7.730e+02  0.5820
 7: fraction_years_with_fire 3.875e-01 3.333e-01  0.8600
 8:   annual_fraction_burned 8.369e-03 2.757e-02  3.2900
 9:           rotation_years 1.195e+02 3.627e+01  0.3040
10:           fires_per_year 4.875e-01 3.333e-01  0.6840
11:         fire_size_median 1.200e+01 7.730e+02 64.4000
12:            fire_size_p90 6.214e+02 7.730e+02  1.2400
13:            fire_size_max 1.283e+03 7.730e+02  0.6020
14:      fraction_fires_gt10 5.128e-01 1.000e+00  1.9500
15:     fraction_fires_gt100 1.795e-01 1.000e+00  5.5700

== smoke4 vs observed record (FPA-FOD / MTBS; counts scaled by area share 0.019 ) ==
                           statistic  observed     ember   ratio
                              <char>     <num>     <num>   <num>
 1:                   fires_per_year 6.655e-01   0.33330   0.501
 2:         lightning_fires_per_year 2.459e-01   0.00000   0.000
 3:                 fire_size_median 1.000e+00 773.00000 773.000
 4:                    fire_size_p90 1.000e+00 773.00000 773.000
 5:              fraction_fires_gt10 2.956e-02   1.00000  33.800
 6:             fraction_fires_gt100 1.675e-02   1.00000  59.700
 7:       annual_fraction_burned_fpa 2.554e-03   0.02757  10.800
 8:      annual_fraction_burned_mtbs 3.640e-03   0.02757   7.570
 9:              ignition_doy_median 2.210e+02 227.00000   1.030
10:                 ignition_doy_p10 1.760e+02 227.00000   1.290
11:                 ignition_doy_p90 2.650e+02 227.00000   0.857
12: fraction_area_high_severity_mtbs 4.188e-01   0.65000   1.550

== behavior diagnostics ==
                       statistic     value
                          <char>     <num>
 1:   ignition_attempts_per_year 3.333e-01
 2:            fires_per_attempt 1.000e+00
 3:           days_active_median 5.000e+00
 4:              days_active_p90 5.000e+00
 5:              days_active_max 5.000e+00
 6:        mean_ros_median_m_min 7.910e+00
 7:            max_ros_p90_m_min 3.895e+01
 8:   mean_intensity_median_kW_m 7.187e+03
 9:       max_intensity_p90_kW_m 5.738e+04
10: fraction_cells_passive_crown 8.300e-01
11:  fraction_cells_active_crown 8.000e-02
12:        canopy_mortality_mean 6.600e-01
13:    cells_per_fire_day_median 3.000e+01
14:       cells_per_fire_day_p90 5.091e+02
15:            burn_hours_median 7.700e+00
16:          ignition_fwi_median 1.900e+01
17:                  end_weather 0.000e+00
18:             end_fuel_limited 0.000e+00
19:               end_season_end 0.000e+00

wrote /Users/jlamping/Documents/Reenvisioned_LANDIS_Fire/EMBER/calibration/runs/smoke4 
