== pass1: 40 years, seed 3333, overrides:
>> Parameter pass 1 (2026-09-08): open the ignition bottleneck and let fires move.
>> Rationale in calibration/README.md.
UseIgnitionSustain          no        << SCF coefficients count fires, not attempts
IgnitionRequiresBurnPeriod  no        << an ignition burns its cell even on a no-spread day
WindAdjustmentSheltered     0.30      << dense PNW canopies still pass wind; daily mean GRIDMET wind underestimates afternoon speeds
WindGustFactor              1.0
BurnPeriodMaxHours          16
BurnPeriodFWIHigh           30
ExtinctionIntensity         15
FoliarMoistureDroughtEffect 0.35
fuelbed: ShortNeedle PackingRatio 0.020
fuelbed: LongNeedle PackingRatio 0.025
fuelbed: Broadleaf PackingRatio 0.015
FuelMapFrequency            10
WriteFuelMoistureMaps       no
WriteCalibrationDiagnostics no
   EMBER year 38: 0 fires, 0 cells burned (0.0 ha), largest 0.0 ha, mean FWI 4.1.
   EMBER year 39: 0 fires, 0 cells burned (0.0 ha), largest 0.0 ha, mean FWI 2.0.
   EMBER year 40: 0 fires, 0 cells burned (0.0 ha), largest 0.0 ha, mean FWI 2.4.
Warning message:
package 'ggplot2' was built under R version 4.4.3 

== pass1 vs SCF ==
                   statistic       scf     ember  ratio
                      <char>     <num>     <num>  <num>
 1:                    years 8.000e+01 4.000e+01  0.500
 2:             active_cells 9.346e+03 9.346e+03  1.000
 3:      cells_per_year_mean 7.821e+01 2.965e+02  3.790
 4:    cells_per_year_median 0.000e+00 0.000e+00    NaN
 5:       cells_per_year_p90 5.980e+01 4.232e+02  7.080
 6:       cells_per_year_max 1.328e+03 6.177e+03  4.650
 7: fraction_years_with_fire 3.875e-01 2.000e-01  0.516
 8:   annual_fraction_burned 8.369e-03 3.173e-02  3.790
 9:           rotation_years 1.195e+02 3.152e+01  0.264
10:           fires_per_year 4.875e-01 2.750e-01  0.564
11:         fire_size_median 1.200e+01 2.560e+02 21.300
12:            fire_size_p90 6.214e+02 1.712e+03  2.760
13:            fire_size_max 1.283e+03 6.177e+03  4.810
14:      fraction_fires_gt10 5.128e-01 8.182e-01  1.600
15:     fraction_fires_gt100 1.795e-01 7.273e-01  4.050

== pass1 vs observed record (FPA-FOD / MTBS; counts scaled by area share 0.019 ) ==
                           statistic  observed     ember    ratio
                              <char>     <num>     <num>    <num>
 1:                   fires_per_year 6.655e-01 2.750e-01 4.13e-01
 2:         lightning_fires_per_year 2.459e-01 1.000e-01 4.07e-01
 3:                 fire_size_median 1.000e+00 2.560e+02 2.56e+02
 4:                    fire_size_p90 1.000e+00 1.712e+03 1.71e+03
 5:              fraction_fires_gt10 2.956e-02 8.182e-01 2.77e+01
 6:             fraction_fires_gt100 1.675e-02 7.273e-01 4.34e+01
 7:       annual_fraction_burned_fpa 2.554e-03 3.173e-02 1.24e+01
 8:      annual_fraction_burned_mtbs 3.640e-03 3.173e-02 8.72e+00
 9:              ignition_doy_median 2.210e+02 2.420e+02 1.10e+00
10:                 ignition_doy_p10 1.760e+02 1.620e+02 9.20e-01
11:                 ignition_doy_p90 2.650e+02 2.510e+02 9.47e-01
12: fraction_area_high_severity_mtbs 4.188e-01 1.506e-03 3.60e-03

== behavior diagnostics ==
                       statistic     value
                          <char>     <num>
 1:   ignition_attempts_per_year 6.000e-01
 2:            fires_per_attempt 4.583e-01
 3:           days_active_median 1.000e+01
 4:              days_active_p90 2.200e+01
 5:              days_active_max 5.500e+01
 6:        mean_ros_median_m_min 1.790e+00
 7:            max_ros_p90_m_min 2.669e+01
 8:   mean_intensity_median_kW_m 3.340e+02
 9:       max_intensity_p90_kW_m 4.301e+04
10: fraction_cells_passive_crown 5.977e-02
11:  fraction_cells_active_crown 1.506e-03
12:        canopy_mortality_mean 7.159e-02
13:    cells_per_fire_day_median 5.700e+01
14:       cells_per_fire_day_p90 2.120e+02
15:            burn_hours_median 1.080e+01
16:          ignition_fwi_median 1.860e+01
17:                  end_weather 1.000e+00
18:             end_fuel_limited 0.000e+00
19:               end_season_end 0.000e+00

wrote /Users/jlamping/Documents/Reenvisioned_LANDIS_Fire/EMBER/calibration/runs/pass1 
exit=0
